============================= test session starts =============================
platform win32 -- Python 3.12.12, pytest-9.0.2, pluggy-1.6.0 -- C:\Users\kavya\Desktop\codes\Zentrix\backend\.venv\Scripts\python.exe
cachedir: .pytest_cache
rootdir: C:\Users\kavya\Desktop\codes\Zentrix\backend
plugins: anyio-4.13.0
collecting ... collected 0 items / 1 error

=================================== ERRORS ====================================
__________________ ERROR collecting tests/test_dag_engine.py __________________
ImportError while importing test module 'C:\Users\kavya\Desktop\codes\Zentrix\backend\tests\test_dag_engine.py'.
Hint: make sure your test modules/packages have valid Python names.
Traceback:
..\..\..\..\AppData\Roaming\uv\python\cpython-3.12.12-windows-x86_64-none\Lib\importlib\__init__.py:90: in import_module
    return _bootstrap._gcd_import(name[level:], package, level)
           ^^^^^^^^^^^^^^^^^^^^^^^^^^^^^^^^^^^^^^^^^^^^^^^^^^^^
tests\test_dag_engine.py:15: in <module>
    from dag_engine.dag import ConceptDAG
E   ModuleNotFoundError: No module named 'dag_engine'
=========================== short test summary info ===========================
ERROR tests/test_dag_engine.py
!!!!!!!!!!!!!!!!!!! Interrupted: 1 error during collection !!!!!!!!!!!!!!!!!!!!
============================== 1 error in 0.09s ===============================
